
Running 1 test using 1 worker

[1A[2K[1/1] [chromium] ΓÇ║ tests\zenrows_mca.spec.ts:4:5 ΓÇ║ MCA Login via ZenRows Cloud
[1A[2K[chromium] ΓÇ║ tests\zenrows_mca.spec.ts:4:5 ΓÇ║ MCA Login via ZenRows Cloud
Step 1: Navigating to Home...

[1A[2K≡ƒô╕ Screenshot: step_1_home_page.png

[1A[2KStep 2: Navigating to Login...

[1A[2K≡ƒô╕ Screenshot: step_2_login_page_loaded.png

[1A[2KSearching all frames for login inputs...

[1A[2KDetected 1 frames.

[1A[2KΓ£à Potential form found in frame: https://www.mca.gov.in/content/mca/global/en/foportal/fologin.html

[1A[2KEntering credentials (User)...

[1A[2KEntering credentials (Pass)...

[1A[2KCredentials filled. Taking screenshot...

[1A[2K≡ƒô╕ Screenshot: step_3_credentials_filled.png

[1A[2KScreenshot taken.

[1A[2KSolving Captcha...

[1A[2K≡ƒöì Scanning all images in login frame to find the CAPTCHA...

[1A[2KFound 57 images in login frame.

[1A[2KAttempting User-Suggested Specific Locators...

[1A[2KChecking candidate: refresh-img, size=16x14, src=https://www.mca.gov.in/content/dam/csr/i...

[1A[2KΓÅ¡∩╕Å Skipping candidate as it looks too small (likely refresh button).

[1A[2KChecking candidate: refresh-img, size=16x14, src=https://www.mca.gov.in/content/dam/csr/i...

[1A[2KΓÅ¡∩╕Å Skipping candidate as it looks too small (likely refresh button).

[1A[2KΓÜá∩╕Å Specific locators failed or too small. Scanning all images...

[1A[2KImage [0]: , size=14x30

[1A[2KImage [1]: , size=16x30

[1A[2KImage [2]: signinimg, size=16x16

[1A[2KImage [5]: emblem, size=660x110

[1A[2KImage [6]: search-icon, size=22x22

[1A[2KΓ¥î No candidate image found. taking screenshot of frame area...

[1A[2KΓ¥î Captcha image or input not found. Falling back to manual wait.


node.exe : [1A[2KΓ¥î Error 
object: page.waitForURL: Target 
page, context or browser has 
been closed
At line:1 char:1
+ & "C:\Program 
Files\nodejs/node.exe" 
"C:\Program Files\nodejs/node_mo 
...
+ ~~~~~~~~~~~~~~~~~~~~~~~~~~~~~~~
~~~~~~~~~~~~~~~~~~~~~~~~~~~~~~~~~
~~~~~
    + CategoryInfo          : 
NotSpec    ified: ([1A[2KΓ¥î 
Err...has bee    n 
closed:String) [], RemoteExcept  
  ion
    + FullyQualifiedErrorId : 
NativeC    ommandError
 
=========================== logs 
===========================
waiting for navigation to 
"**/foportal/fodashboard.html" 
until "load"
=================================
===========================
    at [90mC:\Users\pro\PlayWrig
ht\[39mtests\zenrows_mca.spec.ts
:238:18 {
  [32mSymbol(step)[39m: {
    location: {
      file: [32m'C:\\Users\\pro\
\PlayWright\\tests\\zenrows_mca.s
pec.ts'[39m,
      line: [33m238[39m,
      column: [33m18[39m
    },
    category: [32m'pw:api'[39m,
    title: [32m'Wait for 
navigation'[39m,
    apiName: 
[32m'page.waitForURL'[39m,
    params: { info: 
[36m[Object][39m },
    group: [90mundefined[39m,
    stepId: 
[32m'pw:api@111'[39m,
    boxedStack: 
[90mundefined[39m,
    steps: [],
    attachmentIndices: [],
    info: TestStepInfoImpl {
      annotations: [],
      _testInfo: 
[36m[TestInfoImpl][39m,
      _stepId: 
[32m'pw:api@111'[39m,
      _title: [32m'Wait for 
navigation'[39m,
      _parentStep: 
[90mundefined[39m,
      skip: [36m[Function 
(anonymous)][39m
    },
    complete: [36m[Function: 
complete][39m,
    endWallTime: 
[33m1767770628513[39m,
    error: {
      message: [32m'Error: 
page.waitForURL: Target page, 
context or browser has been 
closed\n'[39m +
        [32m'===================
======== logs ===================
========\n'[39m +
        [32m'waiting for 
navigation to 
"**/foportal/fodashboard.html" 
until "load"\n'[39m +
        [32m'===================
=================================
========'[39m,
      stack: [32m'Error: 
page.waitForURL: Target page, 
context or browser has been 
closed\n'[39m +
        [32m'===================
======== logs ===================
========\n'[39m +
        [32m'waiting for 
navigation to 
"**/foportal/fodashboard.html" 
until "load"\n'[39m +
        [32m'===================
=================================
========\n'[39m +
        [32m'    at C:\\Users\\p
ro\\PlayWright\\tests\\zenrows_mc
a.spec.ts:238:18'[39m,
      cause: [90mundefined[39m
    }
  }
}
[1A[2K  1) [chromium] ΓÇ║ tests\zenrows_mca.spec.ts:4:5 ΓÇ║ MCA Login via ZenRows Cloud ΓöÇΓöÇΓöÇΓöÇΓöÇΓöÇΓöÇΓöÇΓöÇΓöÇΓöÇΓöÇΓöÇΓöÇΓöÇΓöÇΓöÇΓöÇΓöÇΓöÇΓöÇΓöÇ

    Error: page.screenshot: Target page, context or browser has been closed

      12 |   let step = 1;
      13 |   const takeScreenshot = async (name: string) => {
    > 14 |     await page.screenshot({ path: `step_${step}_${name}.png`, fullPage: true });
         |                ^
      15 |     console.log(`≡ƒô╕ Screenshot: step_${step}_${name}.png`);
      16 |     step++;
      17 |   };
        at takeScreenshot (C:\Users\pro\PlayWright\tests\zenrows_mca.spec.ts:14:16)
        at C:\Users\pro\PlayWright\tests\zenrows_mca.spec.ts:247:11

    attachment #1: trace (application/zip) ΓöÇΓöÇΓöÇΓöÇΓöÇΓöÇΓöÇΓöÇΓöÇΓöÇΓöÇΓöÇΓöÇΓöÇΓöÇΓöÇΓöÇΓöÇΓöÇΓöÇΓöÇΓöÇΓöÇΓöÇΓöÇΓöÇΓöÇΓöÇΓöÇΓöÇΓöÇΓöÇΓöÇΓöÇΓöÇΓöÇΓöÇΓöÇΓöÇΓöÇΓöÇΓöÇΓöÇΓöÇΓöÇΓöÇΓöÇΓöÇΓöÇΓöÇΓöÇΓöÇΓöÇΓöÇΓöÇΓöÇΓöÇ
    test-results\zenrows_mca-MCA-Login-via-ZenRows-Cloud-chromium\trace.zip
    Usage:

        npx playwright show-trace test-results\zenrows_mca-MCA-Login-via-ZenRows-Cloud-chromium\trace.zip

    ΓöÇΓöÇΓöÇΓöÇΓöÇΓöÇΓöÇΓöÇΓöÇΓöÇΓöÇΓöÇΓöÇΓöÇΓöÇΓöÇΓöÇΓöÇΓöÇΓöÇΓöÇΓöÇΓöÇΓöÇΓöÇΓöÇΓöÇΓöÇΓöÇΓöÇΓöÇΓöÇΓöÇΓöÇΓöÇΓöÇΓöÇΓöÇΓöÇΓöÇΓöÇΓöÇΓöÇΓöÇΓöÇΓöÇΓöÇΓöÇΓöÇΓöÇΓöÇΓöÇΓöÇΓöÇΓöÇΓöÇΓöÇΓöÇΓöÇΓöÇΓöÇΓöÇΓöÇΓöÇΓöÇΓöÇΓöÇΓöÇΓöÇΓöÇΓöÇΓöÇΓöÇΓöÇΓöÇΓöÇΓöÇΓöÇΓöÇΓöÇΓöÇΓöÇΓöÇΓöÇΓöÇΓöÇΓöÇΓöÇΓöÇΓöÇΓöÇΓöÇΓöÇΓöÇΓöÇΓöÇ


[1A[2K  1 failed
    [chromium] ΓÇ║ tests\zenrows_mca.spec.ts:4:5 ΓÇ║ MCA Login via ZenRows Cloud ΓöÇΓöÇΓöÇΓöÇΓöÇΓöÇΓöÇΓöÇΓöÇΓöÇΓöÇΓöÇΓöÇΓöÇΓöÇΓöÇΓöÇΓöÇΓöÇΓöÇΓöÇΓöÇΓöÇ

[36m  Serving HTML report at http://localhost:62766. Press Ctrl+C to quit.[39m
